[36mvite v7.3.1 [32mbuilding client environment for production...[36m[39m
node.exe : [33m[1m(!) %VITE_ANALYTICS_ENDPOINT% is not defined in env variables found in /index.html. Is the 
variable mistyped?[22m[39m
At line:1 char:1
+ & "C:\Program Files\nodejs/node.exe" "C:\Program Files\nodejs/node_mo ...
+ ~~~~~~~~~~~~~~~~~~~~~~~~~~~~~~~~~~~~~~~~~~~~~~~~~~~~~~~~~~~~~~~~~~~~~
    + CategoryInfo          : NotSpecified: ([33m[1m(!) %V...yped?[22m[39m:String) [], RemoteException
    + FullyQualifiedErrorId : NativeCommandError
 
[33m[1m(!) %VITE_ANALYTICS_WEBSITE_ID% is not defined in env variables found in /index.html. Is the variable 
mistyped?[22m[39m
transforming...
[32mΓ£ô[39m 2 modules transformed.
[31mΓ£ù[39m Build failed in 184ms
[31merror during build:
[31m[vite]: Rollup failed to resolve import "@/lib/trpc" from 
"C:/Users/ahmed/Downloads/TK_2026/WebSite/TaskKash-DigitalOcean/client/src/main.tsx".
This is most likely unintended because it can break your application at runtime.
If you do want to externalize this module explicitly add it to
`build.rollupOptions.external`[31m
    at viteLog (file:///C:/Users/ahmed/Downloads/TK_2026/WebSite/TaskKash-DigitalOcean/node_modules/.pnpm/vite@7.3.1_@t
ypes+node@24.1_d88c265592f083650d1549ae2aaeb7fd/node_modules/vite/dist/node/chunks/config.js:33635:57)
    at onRollupLog (file:///C:/Users/ahmed/Downloads/TK_2026/WebSite/TaskKash-DigitalOcean/node_modules/.pnpm/vite@7.3.
1_@types+node@24.1_d88c265592f083650d1549ae2aaeb7fd/node_modules/vite/dist/node/chunks/config.js:33665:7)
    at onLog (file:///C:/Users/ahmed/Downloads/TK_2026/WebSite/TaskKash-DigitalOcean/node_modules/.pnpm/vite@7.3.1_@typ
es+node@24.1_d88c265592f083650d1549ae2aaeb7fd/node_modules/vite/dist/node/chunks/config.js:33467:4)
    at file:///C:/Users/ahmed/Downloads/TK_2026/WebSite/TaskKash-DigitalOcean/node_modules/.pnpm/rollup@4.59.0/node_mod
ules/rollup/dist/es/shared/node-entry.js:20981:32
    at Object.logger [as onLog] (file:///C:/Users/ahmed/Downloads/TK_2026/WebSite/TaskKash-DigitalOcean/node_modules/.p
npm/rollup@4.59.0/node_modules/rollup/dist/es/shared/node-entry.js:22968:9)
    at ModuleLoader.handleInvalidResolvedId (file:///C:/Users/ahmed/Downloads/TK_2026/WebSite/TaskKash-DigitalOcean/nod
e_modules/.pnpm/rollup@4.59.0/node_modules/rollup/dist/es/shared/node-entry.js:21712:26)
    at file:///C:/Users/ahmed/Downloads/TK_2026/WebSite/TaskKash-DigitalOcean/node_modules/.pnpm/rollup@4.59.0/node_mod
ules/rollup/dist/es/shared/node-entry.js:21670:26
    at async Promise.all (index 0)[39m
